<?xml version="1.0" encoding="UTF-8"?>
<TestRun id="d8a4f6e8-64d2-4b1a-a5ec-c91d8f0873fc" name="cmeyer@WV00235077 2012-03-06 17:42:34" runUser="ACTIVE\cmeyer" xmlns="http://microsoft.com/schemas/VisualStudio/TeamTest/2010">
  <TestSettings name="Local" id="c0d642b4-18b8-469e-9a2e-d44259bb5d21">
    <Description>These are default test settings for a local test run.</Description>
    <Deployment enabled="false" runDeploymentRoot="cmeyer_WV00235077 2012-03-06 17_42_34">
      <DeploymentItem filename="C:\dev\cybersource-csharp-wrapper\CybersourceAPI\bin\Debug\CybersourceAPI.dll" />
    </Deployment>
    <Execution>
      <TestTypeSpecific />
      <AgentRule name="Execution Agents">
      </AgentRule>
    </Execution>
  </TestSettings>
  <Times creation="2012-03-06T17:42:34.7501384-06:00" queuing="2012-03-06T17:42:35.2579184-06:00" start="2012-03-06T17:42:35.3467799-06:00" finish="2012-03-06T17:42:42.2697175-06:00" />
  <ResultSummary outcome="Completed">
    <Counters total="5" executed="5" passed="5" error="0" failed="0" timeout="0" aborted="0" inconclusive="0" passedButRunAborted="0" notRunnable="0" notExecuted="0" disconnected="0" warning="0" completed="0" inProgress="0" pending="0" />
  </ResultSummary>
  <TestDefinitions>
    <UnitTest name="single_transaction_error_merchant_reference_number_and_requrest_id" storage="c:\dev\cybersource-csharp-wrapper\cybersourceapi.tests\bin\debug\cybersourceapi.tests.dll" id="dbfb0d72-a51e-80a9-16e7-d3d578e687c6">
      <Execution id="a0dd7096-0996-4985-940a-02864ffa3a8a" />
      <TestMethod codeBase="C:/dev/cybersource-csharp-wrapper/CybersourceAPI.Tests/bin/Debug/CybersourceAPI.Tests.DLL" adapterTypeName="Microsoft.VisualStudio.TestTools.TestTypes.Unit.UnitTestAdapter, Microsoft.VisualStudio.QualityTools.Tips.UnitTest.Adapter, Version=10.0.0.0, Culture=neutral, PublicKeyToken=b03f5f7f11d50a3a" className="CybersourceAPI.Tests.Integration.SingleTransactionReport, CybersourceAPI.Tests, Version=1.0.0.0, Culture=neutral, PublicKeyToken=null" name="single_transaction_error_merchant_reference_number_and_requrest_id" />
    </UnitTest>
    <UnitTest name="single_transaction_get_by_request_id" storage="c:\dev\cybersource-csharp-wrapper\cybersourceapi.tests\bin\debug\cybersourceapi.tests.dll" id="ac5226de-e78c-da14-4122-a0c0ce16be52">
      <Execution id="512ffcfb-5adf-4d89-a163-3ddfafc7ac26" />
      <TestMethod codeBase="C:/dev/cybersource-csharp-wrapper/CybersourceAPI.Tests/bin/Debug/CybersourceAPI.Tests.DLL" adapterTypeName="Microsoft.VisualStudio.TestTools.TestTypes.Unit.UnitTestAdapter, Microsoft.VisualStudio.QualityTools.Tips.UnitTest.Adapter, Version=10.0.0.0, Culture=neutral, PublicKeyToken=b03f5f7f11d50a3a" className="CybersourceAPI.Tests.Integration.SingleTransactionReport, CybersourceAPI.Tests, Version=1.0.0.0, Culture=neutral, PublicKeyToken=null" name="single_transaction_get_by_request_id" />
    </UnitTest>
    <UnitTest name="single_transaction_error_no_target_date" storage="c:\dev\cybersource-csharp-wrapper\cybersourceapi.tests\bin\debug\cybersourceapi.tests.dll" id="1bc5ca11-d0ef-9281-650e-ac6d17e41080">
      <Execution id="db9e8d09-d3c4-4f84-bde4-6a2439f4af50" />
      <TestMethod codeBase="C:/dev/cybersource-csharp-wrapper/CybersourceAPI.Tests/bin/Debug/CybersourceAPI.Tests.DLL" adapterTypeName="Microsoft.VisualStudio.TestTools.TestTypes.Unit.UnitTestAdapter, Microsoft.VisualStudio.QualityTools.Tips.UnitTest.Adapter, Version=10.0.0.0, Culture=neutral, PublicKeyToken=b03f5f7f11d50a3a" className="CybersourceAPI.Tests.Integration.SingleTransactionReport, CybersourceAPI.Tests, Version=1.0.0.0, Culture=neutral, PublicKeyToken=null" name="single_transaction_error_no_target_date" />
    </UnitTest>
    <UnitTest name="single_transaction_get_by_merchant_reference_code" storage="c:\dev\cybersource-csharp-wrapper\cybersourceapi.tests\bin\debug\cybersourceapi.tests.dll" id="4a54d891-f13a-e604-4f0c-fb306a95c15a">
      <Execution id="d4957651-5222-4abf-942e-2a06748e6464" />
      <TestMethod codeBase="C:/dev/cybersource-csharp-wrapper/CybersourceAPI.Tests/bin/Debug/CybersourceAPI.Tests.DLL" adapterTypeName="Microsoft.VisualStudio.TestTools.TestTypes.Unit.UnitTestAdapter, Microsoft.VisualStudio.QualityTools.Tips.UnitTest.Adapter, Version=10.0.0.0, Culture=neutral, PublicKeyToken=b03f5f7f11d50a3a" className="CybersourceAPI.Tests.Integration.SingleTransactionReport, CybersourceAPI.Tests, Version=1.0.0.0, Culture=neutral, PublicKeyToken=null" name="single_transaction_get_by_merchant_reference_code" />
    </UnitTest>
    <UnitTest name="single_transaction_error_no_merchant_id" storage="c:\dev\cybersource-csharp-wrapper\cybersourceapi.tests\bin\debug\cybersourceapi.tests.dll" id="3190568c-4bd5-151b-1e9d-94e7bb56f93d">
      <Execution id="a87cb56a-afd5-467f-95a7-e11e6a59dc7b" />
      <TestMethod codeBase="C:/dev/cybersource-csharp-wrapper/CybersourceAPI.Tests/bin/Debug/CybersourceAPI.Tests.DLL" adapterTypeName="Microsoft.VisualStudio.TestTools.TestTypes.Unit.UnitTestAdapter, Microsoft.VisualStudio.QualityTools.Tips.UnitTest.Adapter, Version=10.0.0.0, Culture=neutral, PublicKeyToken=b03f5f7f11d50a3a" className="CybersourceAPI.Tests.Integration.SingleTransactionReport, CybersourceAPI.Tests, Version=1.0.0.0, Culture=neutral, PublicKeyToken=null" name="single_transaction_error_no_merchant_id" />
    </UnitTest>
  </TestDefinitions>
  <TestLists>
    <TestList name="Results Not in a List" id="8c84fa94-04c1-424b-9868-57a2d4851a1d" />
    <TestList name="All Loaded Results" id="19431567-8539-422a-85d7-44ee4e166bda" />
  </TestLists>
  <TestEntries>
    <TestEntry testId="3190568c-4bd5-151b-1e9d-94e7bb56f93d" executionId="a87cb56a-afd5-467f-95a7-e11e6a59dc7b" testListId="8c84fa94-04c1-424b-9868-57a2d4851a1d" />
    <TestEntry testId="1bc5ca11-d0ef-9281-650e-ac6d17e41080" executionId="db9e8d09-d3c4-4f84-bde4-6a2439f4af50" testListId="8c84fa94-04c1-424b-9868-57a2d4851a1d" />
    <TestEntry testId="dbfb0d72-a51e-80a9-16e7-d3d578e687c6" executionId="a0dd7096-0996-4985-940a-02864ffa3a8a" testListId="8c84fa94-04c1-424b-9868-57a2d4851a1d" />
    <TestEntry testId="ac5226de-e78c-da14-4122-a0c0ce16be52" executionId="512ffcfb-5adf-4d89-a163-3ddfafc7ac26" testListId="8c84fa94-04c1-424b-9868-57a2d4851a1d" />
    <TestEntry testId="4a54d891-f13a-e604-4f0c-fb306a95c15a" executionId="d4957651-5222-4abf-942e-2a06748e6464" testListId="8c84fa94-04c1-424b-9868-57a2d4851a1d" />
  </TestEntries>
  <Results>
    <UnitTestResult executionId="a87cb56a-afd5-467f-95a7-e11e6a59dc7b" testId="3190568c-4bd5-151b-1e9d-94e7bb56f93d" testName="single_transaction_error_no_merchant_id" computerName="WV00235077" duration="00:00:00.0160866" startTime="2012-03-06T17:42:35.3770514-06:00" endTime="2012-03-06T17:42:35.8721369-06:00" testType="13cdc9d9-ddb5-4fa4-a97d-d965ccfc6d4b" outcome="Passed" testListId="8c84fa94-04c1-424b-9868-57a2d4851a1d" relativeResultsDirectory="a87cb56a-afd5-467f-95a7-e11e6a59dc7b">
    </UnitTestResult>
    <UnitTestResult executionId="db9e8d09-d3c4-4f84-bde4-6a2439f4af50" testId="1bc5ca11-d0ef-9281-650e-ac6d17e41080" testName="single_transaction_error_no_target_date" computerName="WV00235077" duration="00:00:00.0014803" startTime="2012-03-06T17:42:35.8789724-06:00" endTime="2012-03-06T17:42:35.8985024-06:00" testType="13cdc9d9-ddb5-4fa4-a97d-d965ccfc6d4b" outcome="Passed" testListId="8c84fa94-04c1-424b-9868-57a2d4851a1d" relativeResultsDirectory="db9e8d09-d3c4-4f84-bde4-6a2439f4af50">
    </UnitTestResult>
    <UnitTestResult executionId="a0dd7096-0996-4985-940a-02864ffa3a8a" testId="dbfb0d72-a51e-80a9-16e7-d3d578e687c6" testName="single_transaction_error_merchant_reference_number_and_requrest_id" computerName="WV00235077" duration="00:00:00.0012370" startTime="2012-03-06T17:42:35.9082674-06:00" endTime="2012-03-06T17:42:35.9180324-06:00" testType="13cdc9d9-ddb5-4fa4-a97d-d965ccfc6d4b" outcome="Passed" testListId="8c84fa94-04c1-424b-9868-57a2d4851a1d" relativeResultsDirectory="a0dd7096-0996-4985-940a-02864ffa3a8a">
    </UnitTestResult>
    <UnitTestResult executionId="512ffcfb-5adf-4d89-a163-3ddfafc7ac26" testId="ac5226de-e78c-da14-4122-a0c0ce16be52" testName="single_transaction_get_by_request_id" computerName="WV00235077" duration="00:00:01.1585698" startTime="2012-03-06T17:42:35.9258444-06:00" endTime="2012-03-06T17:42:37.0898324-06:00" testType="13cdc9d9-ddb5-4fa4-a97d-d965ccfc6d4b" outcome="Passed" testListId="8c84fa94-04c1-424b-9868-57a2d4851a1d" relativeResultsDirectory="512ffcfb-5adf-4d89-a163-3ddfafc7ac26">
    </UnitTestResult>
    <UnitTestResult executionId="d4957651-5222-4abf-942e-2a06748e6464" testId="4a54d891-f13a-e604-4f0c-fb306a95c15a" testName="single_transaction_get_by_merchant_reference_code" computerName="WV00235077" duration="00:00:05.1006222" startTime="2012-03-06T17:42:37.0966679-06:00" endTime="2012-03-06T17:42:42.2091683-06:00" testType="13cdc9d9-ddb5-4fa4-a97d-d965ccfc6d4b" outcome="Passed" testListId="8c84fa94-04c1-424b-9868-57a2d4851a1d" relativeResultsDirectory="d4957651-5222-4abf-942e-2a06748e6464">
    </UnitTestResult>
  </Results>
</TestRun>